---
http_interactions:
- request:
    method: get
    uri: https://poloniex.com/public?command=returnOrderBook&currencyPair=BTC_STEEM&depth=10
    body:
      encoding: US-ASCII
      string: ''
    headers:
      Accept-Encoding:
      - gzip;q=1.0,deflate;q=0.6,identity;q=0.3
      Accept:
      - "*/*"
      User-Agent:
      - Ruby
  response:
    status:
      code: 200
      message: OK
    headers:
      Date:
      - Sat, 13 Jan 2018 19:21:43 GMT
      Content-Type:
      - application/json
      Transfer-Encoding:
      - chunked
      Connection:
      - keep-alive
      Set-Cookie:
      - __cfduid=dcaed13698902b0af4bbfc4ae1ad452861515871303; expires=Sun, 13-Jan-19
        19:21:43 GMT; path=/; domain=.poloniex.com; HttpOnly
      Access-Control-Allow-Origin:
      - "*"
      Access-Control-Allow-Methods:
      - GET
      Server:
      - cloudflare-nginx
      Cf-Ray:
      - 3dcab85caea56e20-SJC
    body:
      encoding: ASCII-8BIT
      string: '{"asks":[["0.00042129",53.21176757],["0.00042130",25.17660712],["0.00042614",9.7523098],["0.00042622",193.98364695],["0.00042644",161.90119596],["0.00042646",15.76519125],["0.00042754",27.22085204],["0.00042755",2.54987712],["0.00042770",25.82308348],["0.00042821",0.23786934]],"bids":[["0.00041981",84.56580357],["0.00041949",111.52716296],["0.00041948",2684.30290185],["0.00041940",20.02503576],["0.00041930",2.97357501],["0.00041927",0.23898681],["0.00041926",0.46546264],["0.00041920",51.64275572],["0.00041831",68.29855444],["0.00041791",2.51250269]],"isFrozen":"0","seq":71823753}'
    http_version: 
  recorded_at: Sat, 13 Jan 2018 19:21:43 GMT
- request:
    method: get
    uri: https://poloniex.com/public?command=returnOrderBook&currencyPair=BTC_SBD&depth=10
    body:
      encoding: US-ASCII
      string: ''
    headers:
      Accept-Encoding:
      - gzip;q=1.0,deflate;q=0.6,identity;q=0.3
      Accept:
      - "*/*"
      User-Agent:
      - Ruby
  response:
    status:
      code: 200
      message: OK
    headers:
      Date:
      - Sat, 13 Jan 2018 19:21:43 GMT
      Content-Type:
      - application/json
      Transfer-Encoding:
      - chunked
      Connection:
      - keep-alive
      Set-Cookie:
      - __cfduid=d3791391b9397de9cfab60bad772c3f9d1515871303; expires=Sun, 13-Jan-19
        19:21:43 GMT; path=/; domain=.poloniex.com; HttpOnly
      Access-Control-Allow-Origin:
      - "*"
      Access-Control-Allow-Methods:
      - GET
      Server:
      - cloudflare-nginx
      Cf-Ray:
      - 3dcab85daa772810-SJC
    body:
      encoding: ASCII-8BIT
      string: '{"asks":[["0.00046577",83.90118576],["0.00046578",2.5],["0.00046581",219.19399499],["0.00046582",44.99183918],["0.00046628",576.88547175],["0.00046839",1.06539816],["0.00046885",4.12471302],["0.00046900",67.31689],["0.00046931",1.7899492],["0.00046937",1.11543948]],"bids":[["0.00046168",0.4332],["0.00045967",4.069292],["0.00045964",42.64392325],["0.00045279",15.2817147],["0.00045144",0.4338954],["0.00045134",10.559392],["0.00045032",0.4332],["0.00045018",255.56728953],["0.00045017",213],["0.00045000",21.49975915]],"isFrozen":"0","seq":18700726}'
    http_version: 
  recorded_at: Sat, 13 Jan 2018 19:21:43 GMT
- request:
    method: get
    uri: https://poloniex.com/public?command=returnOrderBook&currencyPair=USDT_BTC&depth=10
    body:
      encoding: US-ASCII
      string: ''
    headers:
      Accept-Encoding:
      - gzip;q=1.0,deflate;q=0.6,identity;q=0.3
      Accept:
      - "*/*"
      User-Agent:
      - Ruby
  response:
    status:
      code: 200
      message: OK
    headers:
      Date:
      - Sat, 13 Jan 2018 19:21:43 GMT
      Content-Type:
      - application/json
      Transfer-Encoding:
      - chunked
      Connection:
      - keep-alive
      Set-Cookie:
      - __cfduid=d95b3d907bdcac04c52e20fbfcdb794af1515871303; expires=Sun, 13-Jan-19
        19:21:43 GMT; path=/; domain=.poloniex.com; HttpOnly
      Access-Control-Allow-Origin:
      - "*"
      Access-Control-Allow-Methods:
      - GET
      Server:
      - cloudflare-nginx
      Cf-Ray:
      - 3dcab85fbdd5967a-SJC
    body:
      encoding: ASCII-8BIT
      string: '{"asks":[["14300.88888764",1.777395],["14300.88888778",0.5],["14300.88888780",1.01498807],["14300.88888781",0.8],["14300.88888796",0.2289494],["14300.88888837",0.00273493],["14300.88888888",0.68595545],["14301.52566900",0.00043304],["14309.99999990",0.00069881],["14309.99999994",0.00066376]],"bids":[["14271.00000000",0.05915024],["14269.99997640",0.00021608],["14263.93554820",0.00021617],["14263.44614628",0.02734263],["14254.50961030",0.00021631],["14252.88396020",1.407],["14250.00000000",0.10605736],["14248.52241690",0.0002164],["14247.15396568",0.00350947],["14246.88396019",0.27986731]],"isFrozen":"0","seq":185530000}'
    http_version: 
  recorded_at: Sat, 13 Jan 2018 19:21:43 GMT
- request:
    method: get
    uri: https://bittrex.com/api/v1.1/public/getmarketsummary?market=btc-golos
    body:
      encoding: US-ASCII
      string: ''
    headers:
      Accept-Encoding:
      - gzip;q=1.0,deflate;q=0.6,identity;q=0.3
      Accept:
      - "*/*"
      User-Agent:
      - Ruby
  response:
    status:
      code: 200
      message: OK
    headers:
      Date:
      - Sat, 13 Jan 2018 19:21:44 GMT
      Content-Type:
      - application/json; charset=utf-8
      Content-Length:
      - '250'
      Connection:
      - keep-alive
      Set-Cookie:
      - __cfduid=de3a0ff22647eeec8dc635b3f7227eacb1515871303; expires=Sun, 13-Jan-19
        19:21:43 GMT; path=/; domain=.bittrex.com; HttpOnly
      Cache-Control:
      - public, max-age=1
      Expires:
      - Sat, 13 Jan 2018 19:21:42 GMT
      Last-Modified:
      - Sat, 13 Jan 2018 19:21:41 GMT
      Vary:
      - "*, Accept-Encoding"
      Strict-Transport-Security:
      - max-age=15768000
      X-Xss-Protection:
      - 1; mode=block
      X-Content-Type-Options:
      - nosniff
      X-Download-Options:
      - noopen
      Cf-Cache-Status:
      - EXPIRED
      Server:
      - cloudflare-nginx
      Cf-Ray:
      - 3dcab8613b6792a0-SJC
    body:
      encoding: ASCII-8BIT
      string: '{"success":true,"message":"","result":[{"MarketName":"BTC-GOLOS","High":0.00002997,"Low":0.00002795,"Volume":377630.82799085,"Last":0.00002958,"BaseVolume":10.95144928,"TimeStamp":"2018-01-13T19:21:21.277","Bid":0.00002957,"Ask":0.00002997,"OpenBuyOrders":324,"OpenSellOrders":1674,"PrevDay":0.00002787,"Created":"2017-01-19T23:23:12.41"}]}'
    http_version: 
  recorded_at: Sat, 13 Jan 2018 19:21:44 GMT
- request:
    method: get
    uri: https://bittrex.com/api/v1.1/public/getmarketsummary?market=btc-gbg
    body:
      encoding: US-ASCII
      string: ''
    headers:
      Accept-Encoding:
      - gzip;q=1.0,deflate;q=0.6,identity;q=0.3
      Accept:
      - "*/*"
      User-Agent:
      - Ruby
  response:
    status:
      code: 200
      message: OK
    headers:
      Date:
      - Sat, 13 Jan 2018 19:21:44 GMT
      Content-Type:
      - application/json; charset=utf-8
      Content-Length:
      - '252'
      Connection:
      - keep-alive
      Set-Cookie:
      - __cfduid=d0f51c7f0aff2feac45f346acb0f6ba6d1515871304; expires=Sun, 13-Jan-19
        19:21:44 GMT; path=/; domain=.bittrex.com; HttpOnly
      Cache-Control:
      - public, max-age=1
      Expires:
      - Sat, 13 Jan 2018 19:21:45 GMT
      Last-Modified:
      - Sat, 13 Jan 2018 19:21:44 GMT
      Vary:
      - "*, Accept-Encoding"
      Strict-Transport-Security:
      - max-age=15768000
      X-Xss-Protection:
      - 1; mode=block
      X-Content-Type-Options:
      - nosniff
      X-Download-Options:
      - noopen
      Cf-Cache-Status:
      - EXPIRED
      Server:
      - cloudflare-nginx
      Cf-Ray:
      - 3dcab862dcaf9408-SJC
    body:
      encoding: ASCII-8BIT
      string: '{"success":true,"message":"","result":[{"MarketName":"BTC-GBG","High":0.00002866,"Low":0.00002576,"Volume":597829.63557972,"Last":0.00002602,"BaseVolume":16.16888800,"TimeStamp":"2018-01-13T19:21:43.28","Bid":0.00002600,"Ask":0.00002651,"OpenBuyOrders":318,"OpenSellOrders":2314,"PrevDay":0.00002810,"Created":"2017-02-12T00:38:21.023"}]}'
    http_version: 
  recorded_at: Sat, 13 Jan 2018 19:21:44 GMT
- request:
    method: get
    uri: https://bittrex.com/api/v1.1/public/getmarketsummary?market=usdt-btc
    body:
      encoding: US-ASCII
      string: ''
    headers:
      Accept-Encoding:
      - gzip;q=1.0,deflate;q=0.6,identity;q=0.3
      Accept:
      - "*/*"
      User-Agent:
      - Ruby
  response:
    status:
      code: 200
      message: OK
    headers:
      Date:
      - Sat, 13 Jan 2018 19:21:44 GMT
      Content-Type:
      - application/json; charset=utf-8
      Content-Length:
      - '264'
      Connection:
      - keep-alive
      Set-Cookie:
      - __cfduid=d5ab706e89ac9a4c7e3ee84f777ed33aa1515871304; expires=Sun, 13-Jan-19
        19:21:44 GMT; path=/; domain=.bittrex.com; HttpOnly
      Cache-Control:
      - public, max-age=0
      Expires:
      - Sat, 13 Jan 2018 19:21:44 GMT
      Last-Modified:
      - Sat, 13 Jan 2018 19:21:43 GMT
      Vary:
      - "*, Accept-Encoding"
      Strict-Transport-Security:
      - max-age=15768000
      X-Xss-Protection:
      - 1; mode=block
      X-Content-Type-Options:
      - nosniff
      X-Download-Options:
      - noopen
      Cf-Cache-Status:
      - MISS
      Server:
      - cloudflare-nginx
      Cf-Ray:
      - 3dcab863b99e5140-SJC
    body:
      encoding: ASCII-8BIT
      string: '{"success":true,"message":"","result":[{"MarketName":"USDT-BTC","High":14583.00000000,"Low":13500.00000000,"Volume":3070.56078781,"Last":14347.00000000,"BaseVolume":43312933.98322376,"TimeStamp":"2018-01-13T19:21:44.64","Bid":14280.00000502,"Ask":14347.00000000,"OpenBuyOrders":5369,"OpenSellOrders":5829,"PrevDay":13520.00000000,"Created":"2015-12-11T06:31:40.633"}]}'
    http_version: 
  recorded_at: Sat, 13 Jan 2018 19:21:44 GMT
- request:
    method: get
    uri: https://bittrex.com/api/v1.1/public/getmarketsummary?market=btc-steem
    body:
      encoding: US-ASCII
      string: ''
    headers:
      Accept-Encoding:
      - gzip;q=1.0,deflate;q=0.6,identity;q=0.3
      Accept:
      - "*/*"
      User-Agent:
      - Ruby
  response:
    status:
      code: 200
      message: OK
    headers:
      Date:
      - Sat, 13 Jan 2018 19:21:44 GMT
      Content-Type:
      - application/json; charset=utf-8
      Content-Length:
      - '261'
      Connection:
      - keep-alive
      Set-Cookie:
      - __cfduid=df000fa269ee0c1cf1c167db8e691c59f1515871304; expires=Sun, 13-Jan-19
        19:21:44 GMT; path=/; domain=.bittrex.com; HttpOnly
      Cache-Control:
      - public, max-age=1
      Expires:
      - Sat, 13 Jan 2018 19:21:45 GMT
      Last-Modified:
      - Sat, 13 Jan 2018 19:21:44 GMT
      Vary:
      - "*, Accept-Encoding"
      Strict-Transport-Security:
      - max-age=15768000
      X-Xss-Protection:
      - 1; mode=block
      X-Content-Type-Options:
      - nosniff
      X-Download-Options:
      - noopen
      Cf-Cache-Status:
      - EXPIRED
      Server:
      - cloudflare-nginx
      Cf-Ray:
      - 3dcab864be9f965c-SJC
    body:
      encoding: ASCII-8BIT
      string: '{"success":true,"message":"","result":[{"MarketName":"BTC-STEEM","High":0.00046379,"Low":0.00038402,"Volume":2180498.39285345,"Last":0.00042473,"BaseVolume":932.25137251,"TimeStamp":"2018-01-13T19:21:45.357","Bid":0.00042011,"Ask":0.00042464,"OpenBuyOrders":1601,"OpenSellOrders":6404,"PrevDay":0.00038615,"Created":"2016-04-17T01:22:13.35"}]}'
    http_version: 
  recorded_at: Sat, 13 Jan 2018 19:21:44 GMT
- request:
    method: get
    uri: https://bittrex.com/api/v1.1/public/getmarketsummary?market=btc-sbd
    body:
      encoding: US-ASCII
      string: ''
    headers:
      Accept-Encoding:
      - gzip;q=1.0,deflate;q=0.6,identity;q=0.3
      Accept:
      - "*/*"
      User-Agent:
      - Ruby
  response:
    status:
      code: 200
      message: OK
    headers:
      Date:
      - Sat, 13 Jan 2018 19:21:44 GMT
      Content-Type:
      - application/json; charset=utf-8
      Content-Length:
      - '257'
      Connection:
      - keep-alive
      Set-Cookie:
      - __cfduid=dc1a32d4fc5fff4a94fc7ab15206076341515871304; expires=Sun, 13-Jan-19
        19:21:44 GMT; path=/; domain=.bittrex.com; HttpOnly
      Cache-Control:
      - public, max-age=1
      Expires:
      - Sat, 13 Jan 2018 19:21:45 GMT
      Last-Modified:
      - Sat, 13 Jan 2018 19:21:44 GMT
      Vary:
      - "*, Accept-Encoding"
      Strict-Transport-Security:
      - max-age=15768000
      X-Xss-Protection:
      - 1; mode=block
      X-Content-Type-Options:
      - nosniff
      X-Download-Options:
      - noopen
      Cf-Cache-Status:
      - EXPIRED
      Server:
      - cloudflare-nginx
      Cf-Ray:
      - 3dcab86578d26c0a-SJC
    body:
      encoding: ASCII-8BIT
      string: '{"success":true,"message":"","result":[{"MarketName":"BTC-SBD","High":0.00052100,"Low":0.00044128,"Volume":214912.54269575,"Last":0.00046850,"BaseVolume":103.95132623,"TimeStamp":"2018-01-13T19:21:45.577","Bid":0.00046900,"Ask":0.00047274,"OpenBuyOrders":252,"OpenSellOrders":2419,"PrevDay":0.00045142,"Created":"2016-07-09T19:02:08.943"}]}'
    http_version: 
  recorded_at: Sat, 13 Jan 2018 19:21:44 GMT
- request:
    method: post
    uri: https://ws.golos.io/
    body:
      encoding: UTF-8
      string: '{"jsonrpc":"2.0","params":["database_api","get_feed_history",[]],"id":1,"method":"call"}'
    headers:
      Content-Type:
      - application/json
      User-Agent:
      - radiator/0.3.15
      Accept-Encoding:
      - gzip;q=1.0,deflate;q=0.6,identity;q=0.3
      Accept:
      - "*/*"
      Connection:
      - keep-alive
      Keep-Alive:
      - '30'
  response:
    status:
      code: 200
      message: OK
    headers:
      Server:
      - nginx
      Date:
      - Sat, 13 Jan 2018 19:21:45 GMT
      Content-Length:
      - '3772'
      Connection:
      - keep-alive
    body:
      encoding: UTF-8
      string: '{"id":1,"result":{"id":0,"current_median_history":{"base":"10.097 GBG","quote":"1.000
        GOLOS"},"price_history":[{"base":"1.000 GBG","quote":"0.088 GOLOS"},{"base":"11.376
        GBG","quote":"1.000 GOLOS"},{"base":"1.000 GBG","quote":"0.094 GOLOS"},{"base":"10.694
        GBG","quote":"1.000 GOLOS"},{"base":"11.074 GBG","quote":"1.000 GOLOS"},{"base":"10.960
        GBG","quote":"1.000 GOLOS"},{"base":"10.960 GBG","quote":"1.000 GOLOS"},{"base":"11.105
        GBG","quote":"1.000 GOLOS"},{"base":"11.136 GBG","quote":"1.000 GOLOS"},{"base":"11.074
        GBG","quote":"1.000 GOLOS"},{"base":"11.163 GBG","quote":"1.000 GOLOS"},{"base":"11.169
        GBG","quote":"1.000 GOLOS"},{"base":"11.169 GBG","quote":"1.000 GOLOS"},{"base":"11.136
        GBG","quote":"1.000 GOLOS"},{"base":"11.125 GBG","quote":"1.000 GOLOS"},{"base":"11.136
        GBG","quote":"1.000 GOLOS"},{"base":"11.136 GBG","quote":"1.000 GOLOS"},{"base":"10.719
        GBG","quote":"1.000 GOLOS"},{"base":"10.585 GBG","quote":"1.000 GOLOS"},{"base":"10.681
        GBG","quote":"1.000 GOLOS"},{"base":"10.162 GBG","quote":"1.000 GOLOS"},{"base":"9.769
        GBG","quote":"1.000 GOLOS"},{"base":"9.586 GBG","quote":"1.000 GOLOS"},{"base":"1.000
        GBG","quote":"0.102 GOLOS"},{"base":"1.000 GBG","quote":"0.102 GOLOS"},{"base":"9.913
        GBG","quote":"1.000 GOLOS"},{"base":"10.120 GBG","quote":"1.000 GOLOS"},{"base":"9.914
        GBG","quote":"1.000 GOLOS"},{"base":"10.049 GBG","quote":"1.000 GOLOS"},{"base":"9.860
        GBG","quote":"1.000 GOLOS"},{"base":"10.083 GBG","quote":"1.000 GOLOS"},{"base":"9.860
        GBG","quote":"1.000 GOLOS"},{"base":"9.860 GBG","quote":"1.000 GOLOS"},{"base":"9.860
        GBG","quote":"1.000 GOLOS"},{"base":"10.085 GBG","quote":"1.000 GOLOS"},{"base":"10.007
        GBG","quote":"1.000 GOLOS"},{"base":"10.054 GBG","quote":"1.000 GOLOS"},{"base":"10.054
        GBG","quote":"1.000 GOLOS"},{"base":"9.603 GBG","quote":"1.000 GOLOS"},{"base":"9.755
        GBG","quote":"1.000 GOLOS"},{"base":"9.691 GBG","quote":"1.000 GOLOS"},{"base":"9.691
        GBG","quote":"1.000 GOLOS"},{"base":"9.346 GBG","quote":"1.000 GOLOS"},{"base":"1.000
        GBG","quote":"0.106 GOLOS"},{"base":"9.550 GBG","quote":"1.000 GOLOS"},{"base":"9.356
        GBG","quote":"1.000 GOLOS"},{"base":"9.807 GBG","quote":"1.000 GOLOS"},{"base":"9.856
        GBG","quote":"1.000 GOLOS"},{"base":"9.892 GBG","quote":"1.000 GOLOS"},{"base":"9.843
        GBG","quote":"1.000 GOLOS"},{"base":"9.277 GBG","quote":"1.000 GOLOS"},{"base":"9.320
        GBG","quote":"1.000 GOLOS"},{"base":"9.778 GBG","quote":"1.000 GOLOS"},{"base":"9.776
        GBG","quote":"1.000 GOLOS"},{"base":"9.920 GBG","quote":"1.000 GOLOS"},{"base":"9.914
        GBG","quote":"1.000 GOLOS"},{"base":"9.766 GBG","quote":"1.000 GOLOS"},{"base":"9.982
        GBG","quote":"1.000 GOLOS"},{"base":"9.966 GBG","quote":"1.000 GOLOS"},{"base":"10.027
        GBG","quote":"1.000 GOLOS"},{"base":"9.919 GBG","quote":"1.000 GOLOS"},{"base":"10.098
        GBG","quote":"1.000 GOLOS"},{"base":"10.093 GBG","quote":"1.000 GOLOS"},{"base":"10.286
        GBG","quote":"1.000 GOLOS"},{"base":"10.097 GBG","quote":"1.000 GOLOS"},{"base":"10.097
        GBG","quote":"1.000 GOLOS"},{"base":"10.097 GBG","quote":"1.000 GOLOS"},{"base":"1.000
        GBG","quote":"0.098 GOLOS"},{"base":"10.219 GBG","quote":"1.000 GOLOS"},{"base":"1.000
        GBG","quote":"0.098 GOLOS"},{"base":"1.000 GBG","quote":"0.098 GOLOS"},{"base":"10.324
        GBG","quote":"1.000 GOLOS"},{"base":"10.368 GBG","quote":"1.000 GOLOS"},{"base":"10.568
        GBG","quote":"1.000 GOLOS"},{"base":"10.511 GBG","quote":"1.000 GOLOS"},{"base":"10.346
        GBG","quote":"1.000 GOLOS"},{"base":"10.429 GBG","quote":"1.000 GOLOS"},{"base":"10.408
        GBG","quote":"1.000 GOLOS"},{"base":"10.489 GBG","quote":"1.000 GOLOS"},{"base":"10.619
        GBG","quote":"1.000 GOLOS"},{"base":"10.447 GBG","quote":"1.000 GOLOS"},{"base":"10.447
        GBG","quote":"1.000 GOLOS"},{"base":"10.555 GBG","quote":"1.000 GOLOS"},{"base":"10.544
        GBG","quote":"1.000 GOLOS"}]}}'
    http_version: 
  recorded_at: Sat, 13 Jan 2018 19:21:45 GMT
- request:
    method: post
    uri: https://ws.golos.io/
    body:
      encoding: UTF-8
      string: '{"jsonrpc":"2.0","params":["database_api","get_dynamic_global_properties",[]],"id":2,"method":"call"}'
    headers:
      Content-Type:
      - application/json
      User-Agent:
      - radiator/0.3.15
      Accept-Encoding:
      - gzip;q=1.0,deflate;q=0.6,identity;q=0.3
      Accept:
      - "*/*"
      Connection:
      - keep-alive
      Keep-Alive:
      - '30'
  response:
    status:
      code: 200
      message: OK
    headers:
      Server:
      - nginx
      Date:
      - Sat, 13 Jan 2018 19:21:46 GMT
      Content-Length:
      - '968'
      Connection:
      - keep-alive
    body:
      encoding: UTF-8
      string: '{"id":2,"result":{"id":0,"head_block_number":12982677,"head_block_id":"00c619956d8c441845eb408cda3fb4f9ccabb58f","time":"2018-01-13T19:21:45","current_witness":"dmilash","total_pow":634572,"num_pow_witnesses":172,"virtual_supply":"132852148.251
        GOLOS","current_supply":"131501604.709 GOLOS","confidential_supply":"0.000
        GOLOS","current_sbd_supply":"13636438.146 GBG","confidential_sbd_supply":"0.000
        GBG","total_vesting_fund_steem":"97053362.115 GOLOS","total_vesting_shares":"359179962109.932384
        GESTS","total_reward_fund_steem":"36609.762 GOLOS","total_reward_shares2":"4297320627069560309974017336045","sbd_interest_rate":1000,"sbd_print_rate":10000,"average_block_size":1393,"maximum_block_size":65536,"current_aslot":13027635,"recent_slots_filled":"340282366920938463463374607431768211455","participation_count":128,"last_irreversible_block_num":12982658,"max_virtual_bandwidth":"5986734968066277376","current_reserve_ratio":20000,"vote_regeneration_per_day":40}}'
    http_version: 
  recorded_at: Sat, 13 Jan 2018 19:21:46 GMT
- request:
    method: get
    uri: https://api.vaultoro.com/markets
    body:
      encoding: US-ASCII
      string: ''
    headers:
      Accept-Encoding:
      - gzip;q=1.0,deflate;q=0.6,identity;q=0.3
      Accept:
      - "*/*"
      User-Agent:
      - Ruby
  response:
    status:
      code: 200
      message: OK
    headers:
      Server:
      - nginx
      Date:
      - Sat, 13 Jan 2018 19:21:46 GMT
      Content-Type:
      - application/json
      Transfer-Encoding:
      - chunked
      Connection:
      - keep-alive
      Cache-Control:
      - no-store
      Pragma:
      - no-cache
      Access-Control-Allow-Origin:
      - "*"
      Access-Control-Allow-Headers:
      - Origin, X-Requested-With, Content-Type, Accept
      Vary:
      - Accept-Encoding
      Strict-Transport-Security:
      - max-age=31536000
    body:
      encoding: ASCII-8BIT
      string: |-
        {
          "status": "success",
          "data": {
            "MarketCurrency": "GLD",
            "BaseCurrency": "BTC",
            "MarketCurrencyLong": "Gold",
            "BaseCurrencyLong": "Bitcoin",
            "MinTradeSize": 1e-8,
            "MarketName": "BTC-GLD",
            "IsActive": true,
            "MinUnitQty": 0.0002,
            "MinPrice": 0.000002,
            "LastPrice": "0.00349989",
            "24hLow": "0.00313000",
            "24hHigh": "0.00364899",
            "24hVolume": "5530.245"
          }
        }
    http_version: 
  recorded_at: Sat, 13 Jan 2018 19:21:46 GMT
- request:
    method: get
    uri: https://poloniex.com/public?command=returnOrderBook&currencyPair=USDT_BTC&depth=10
    body:
      encoding: US-ASCII
      string: ''
    headers:
      Accept-Encoding:
      - gzip;q=1.0,deflate;q=0.6,identity;q=0.3
      Accept:
      - "*/*"
      User-Agent:
      - Ruby
  response:
    status:
      code: 200
      message: OK
    headers:
      Date:
      - Sat, 13 Jan 2018 19:21:47 GMT
      Content-Type:
      - application/json
      Transfer-Encoding:
      - chunked
      Connection:
      - keep-alive
      Set-Cookie:
      - __cfduid=d4ccdc2276ecf91089d04ef71085fed701515871307; expires=Sun, 13-Jan-19
        19:21:47 GMT; path=/; domain=.poloniex.com; HttpOnly
      Access-Control-Allow-Origin:
      - "*"
      Access-Control-Allow-Methods:
      - GET
      Server:
      - cloudflare-nginx
      Cf-Ray:
      - 3dcab874d8316d90-SJC
    body:
      encoding: ASCII-8BIT
      string: '{"asks":[["14300.88888745",2.162286],["14300.88888761",0.2489494],["14300.88888763",1.01498807],["14300.88888778",0.5],["14300.88888781",0.8],["14300.88888784",0.00396385],["14300.88888888",0.68595545],["14301.52566900",0.00043304],["14309.99999990",0.00069881],["14309.99999994",0.00066376]],"bids":[["14280.00000000",0.009598],["14271.00000000",0.05915024],["14269.99997640",0.00021608],["14263.93554820",0.00021617],["14263.44614628",0.02734263],["14254.50961030",0.00021631],["14252.88396020",1.407],["14250.00000000",0.10605736],["14248.52241690",0.0002164],["14247.15396568",0.00350947]],"isFrozen":"0","seq":185530016}'
    http_version: 
  recorded_at: Sat, 13 Jan 2018 19:21:47 GMT
recorded_with: VCR 3.0.3
